
Allocating common symbols
Common symbol       size              file

idt_ptr             0x6               kernel/global.o
inode_table         0xb00             kernel/global.o
task_stack          0x38000           kernel/global.o
k_reenter           0x4               kernel/global.o
gdt                 0x400             kernel/global.o
current_console     0x4               kernel/global.o
pcaller             0x4               kernel/global.o
tty_table           0xc6c             kernel/global.o
tss                 0x68              kernel/global.o
fs_msg              0x30              kernel/global.o
f_desc_table        0x300             kernel/global.o
root_inode          0x4               kernel/global.o
disp_pos            0x4               kernel/global.o
key_pressed         0x4               kernel/global.o
heap                0x1f4             kernel/main.o
gdt_ptr             0x6               kernel/global.o
idt                 0x800             kernel/global.o
super_block         0x1e0             kernel/global.o
PARTITION_ENTRY     0x10              kernel/hd.o
ticks               0x4               kernel/global.o
console_table       0x3c              kernel/global.o
irq_table           0x40              kernel/global.o
p_proc_ready        0x4               kernel/global.o
proc_table          0xb0c             kernel/global.o

Discarded input sections

 .note.GNU-stack
                0x0000000000000000        0x0 kernel/start.o
 .note.GNU-stack
                0x0000000000000000        0x0 kernel/main.o
 .note.GNU-stack
                0x0000000000000000        0x0 kernel/clock.o
 .note.GNU-stack
                0x0000000000000000        0x0 kernel/keyboard.o
 .note.GNU-stack
                0x0000000000000000        0x0 kernel/tty.o
 .note.GNU-stack
                0x0000000000000000        0x0 kernel/console.o
 .note.GNU-stack
                0x0000000000000000        0x0 kernel/i8259.o
 .note.GNU-stack
                0x0000000000000000        0x0 kernel/global.o
 .note.GNU-stack
                0x0000000000000000        0x0 kernel/protect.o
 .note.GNU-stack
                0x0000000000000000        0x0 kernel/proc.o
 .note.GNU-stack
                0x0000000000000000        0x0 kernel/systask.o
 .note.GNU-stack
                0x0000000000000000        0x0 kernel/hd.o
 .note.GNU-stack
                0x0000000000000000        0x0 lib/printf.o
 .note.GNU-stack
                0x0000000000000000        0x0 lib/vsprintf.o
 .note.GNU-stack
                0x0000000000000000        0x0 lib/klib.o
 .note.GNU-stack
                0x0000000000000000        0x0 lib/misc.o
 .note.GNU-stack
                0x0000000000000000        0x0 lib/open.o
 .note.GNU-stack
                0x0000000000000000        0x0 lib/read.o
 .note.GNU-stack
                0x0000000000000000        0x0 lib/write.o
 .note.GNU-stack
                0x0000000000000000        0x0 lib/close.o
 .note.GNU-stack
                0x0000000000000000        0x0 lib/unlink.o
 .note.GNU-stack
                0x0000000000000000        0x0 lib/getpid.o
 .note.GNU-stack
                0x0000000000000000        0x0 lib/syslog.o
 .note.GNU-stack
                0x0000000000000000        0x0 fs/main.o
 .note.GNU-stack
                0x0000000000000000        0x0 fs/open.o
 .note.GNU-stack
                0x0000000000000000        0x0 fs/misc.o
 .note.GNU-stack
                0x0000000000000000        0x0 fs/read_write.o
 .note.GNU-stack
                0x0000000000000000        0x0 fs/link.o
 .note.GNU-stack
                0x0000000000000000        0x0 fs/disklog.o

Memory Configuration

Name             Origin             Length             Attributes
*default*        0x0000000000000000 0xffffffffffffffff

Linker script and memory map

Address of section .text set to 0x1000
LOAD kernel/kernel.o
LOAD lib/syscall.o
LOAD kernel/start.o
LOAD kernel/main.o
LOAD kernel/clock.o
LOAD kernel/keyboard.o
LOAD kernel/tty.o
LOAD kernel/console.o
LOAD kernel/i8259.o
LOAD kernel/global.o
LOAD kernel/protect.o
LOAD kernel/proc.o
LOAD kernel/systask.o
LOAD kernel/hd.o
LOAD lib/printf.o
LOAD lib/vsprintf.o
LOAD lib/kliba.o
LOAD lib/klib.o
LOAD lib/string.o
LOAD lib/misc.o
LOAD lib/open.o
LOAD lib/read.o
LOAD lib/write.o
LOAD lib/close.o
LOAD lib/unlink.o
LOAD lib/getpid.o
LOAD lib/syslog.o
LOAD fs/main.o
LOAD fs/open.o
LOAD fs/misc.o
LOAD fs/read_write.o
LOAD fs/link.o
LOAD fs/disklog.o
                0x0000000008048000                PROVIDE (__executable_start, 0x8048000)
                0x0000000008048094                . = (0x8048000 + SIZEOF_HEADERS)

.interp
 *(.interp)

.note.gnu.build-id
 *(.note.gnu.build-id)

.hash
 *(.hash)

.gnu.hash
 *(.gnu.hash)

.dynsym
 *(.dynsym)

.dynstr
 *(.dynstr)

.gnu.version
 *(.gnu.version)

.gnu.version_d
 *(.gnu.version_d)

.gnu.version_r
 *(.gnu.version_r)

.rel.dyn        0x0000000008048094        0x0
 *(.rel.init)
 *(.rel.text .rel.text.* .rel.gnu.linkonce.t.*)
 .rel.text      0x0000000000000000        0x0 kernel/kernel.o
 *(.rel.fini)
 *(.rel.rodata .rel.rodata.* .rel.gnu.linkonce.r.*)
 *(.rel.data.rel.ro .rel.data.rel.ro.* .rel.gnu.linkonce.d.rel.ro.*)
 *(.rel.data .rel.data.* .rel.gnu.linkonce.d.*)
 .rel.data      0x0000000000000000        0x0 kernel/kernel.o
 *(.rel.tdata .rel.tdata.* .rel.gnu.linkonce.td.*)
 *(.rel.tbss .rel.tbss.* .rel.gnu.linkonce.tb.*)
 *(.rel.ctors)
 *(.rel.dtors)
 *(.rel.got)
 *(.rel.bss .rel.bss.* .rel.gnu.linkonce.b.*)
 *(.rel.ifunc)

.rel.plt        0x0000000008048094        0x0
 *(.rel.plt)
                0x0000000008048094                PROVIDE (__rel_iplt_start, .)
 *(.rel.iplt)
 .rel.iplt      0x0000000000000000        0x0 kernel/kernel.o
                0x0000000008048094                PROVIDE (__rel_iplt_end, .)

.init
 *(SORT(.init))

.plt            0x00000000080480a0        0x0
 *(.plt)
 *(.iplt)
 .iplt          0x0000000000000000        0x0 kernel/kernel.o

.text           0x0000000000001000     0xc715
 *(.text.unlikely .text.*_unlikely .text.unlikely.*)
 *(.text.exit .text.exit.*)
 *(.text.startup .text.startup.*)
 *(.text.hot .text.hot.*)
 *(.text .stub .text.* .gnu.linkonce.t.*)
 .text          0x0000000000001000      0x410 kernel/kernel.o
                0x0000000000001000                _start
                0x0000000000001040                hwint00
                0x0000000000001070                hwint01
                0x00000000000010a0                hwint02
                0x00000000000010d0                hwint03
                0x0000000000001100                hwint04
                0x0000000000001130                hwint05
                0x0000000000001160                hwint06
                0x0000000000001190                hwint07
                0x00000000000011c0                hwint08
                0x00000000000011f0                hwint09
                0x0000000000001220                hwint10
                0x0000000000001250                hwint11
                0x0000000000001280                hwint12
                0x00000000000012b0                hwint13
                0x00000000000012e0                hwint14
                0x0000000000001310                hwint15
                0x0000000000001334                divide_error
                0x000000000000133a                single_step_exception
                0x0000000000001340                nmi
                0x0000000000001346                breakpoint_exception
                0x000000000000134c                overflow
                0x0000000000001352                bounds_check
                0x0000000000001358                inval_opcode
                0x000000000000135e                copr_not_available
                0x0000000000001364                double_fault
                0x0000000000001368                copr_seg_overrun
                0x000000000000136e                inval_tss
                0x0000000000001372                segment_not_present
                0x0000000000001376                stack_exception
                0x000000000000137a                general_protection
                0x000000000000137e                page_fault
                0x0000000000001382                copr_error
                0x00000000000013cb                sys_call
                0x00000000000013eb                restart
 .text          0x0000000000001410       0x28 lib/syscall.o
                0x0000000000001410                sendrec
                0x000000000000142a                printx
 .text          0x0000000000001438       0x8e kernel/start.o
                0x0000000000001438                cstart
 .text          0x00000000000014c6     0x2d7c kernel/main.o
                0x0000000000001546                my_rand
                0x000000000000155a                my_srand
                0x0000000000001567                malloc_init
                0x00000000000015c9                malloc
                0x00000000000016fd                free
                0x0000000000001810                realloc
                0x000000000000184d                displaymenu
                0x0000000000001d35                jisuanqi
                0x0000000000001d4d                rili
                0x0000000000001e29                getdate
                0x0000000000001f4f                print
                0x00000000000020bf                leap
                0x0000000000002123                kernel_main
                0x00000000000023a8                get_ticks
                0x00000000000023e0                init_Chessboard
                0x0000000000002448                show_Chessboard
                0x0000000000002527                play
                0x00000000000025e7                full_Chess
                0x0000000000002650                judga_line
                0x0000000000002785                judga
                0x0000000000002951                wuziqi
                0x000000000000313f                tuixiangzi
                0x00000000000031a2                shoveBox
                0x0000000000003685                printMap
                0x0000000000003707                caiquan
                0x00000000000038d1                TestA
                0x0000000000003f8d                TestB
                0x00000000000041de                TestC
                0x00000000000041f2                panic
 .text          0x0000000000004242      0x115 kernel/clock.o
                0x0000000000004242                clock_handler
                0x00000000000042ba                milli_delay
                0x00000000000042f3                init_clock
 .text          0x0000000000004357      0x6cf kernel/keyboard.o
                0x0000000000004357                keyboard_handler
                0x00000000000043bd                init_keyboard
                0x000000000000446c                keyboard_read
 .text          0x0000000000004a26      0xa05 kernel/tty.o
                0x0000000000004a26                task_tty
                0x0000000000004bda                in_process
                0x0000000000005132                sys_printx
                0x00000000000052d4                dump_tty_buf
 .text          0x000000000000542b      0x7e1 kernel/console.o
                0x000000000000542b                init_screen
                0x000000000000559c                out_char
                0x0000000000005892                is_current_console
                0x0000000000005987                select_console
                0x00000000000059c2                scroll_screen
 .text          0x0000000000005c0c      0x13c kernel/i8259.o
                0x0000000000005c0c                init_8259A
                0x0000000000005cfd                spurious_irq
                0x0000000000005d28                put_irq_handler
 .text          0x0000000000005d48        0x0 kernel/global.o
 .text          0x0000000000005d48      0x7e9 kernel/protect.o
                0x0000000000005d48                init_prot
                0x0000000000006349                seg2phys
                0x0000000000006404                exception_handler
 .text          0x0000000000006531     0x19da kernel/proc.o
                0x0000000000006531                schedule
                0x00000000000065bc                sys_sendrec
                0x000000000000671b                send_recv
                0x00000000000067fb                ldt_seg_linear
                0x0000000000006845                va2la
                0x00000000000068b4                reset_msg
                0x0000000000007887                inform_int
                0x0000000000007a29                dump_proc
                0x0000000000007dc4                dump_msg
 .text          0x0000000000007f0b       0x95 kernel/systask.o
                0x0000000000007f0b                task_sys
 .text          0x0000000000007fa0      0xe9e kernel/hd.o
                0x0000000000007fa0                task_hd
                0x0000000000008e19                hd_handler
 .text          0x0000000000008e3e       0xc0 lib/printf.o
                0x0000000000008e3e                printf
                0x0000000000008ebd                printl
 .text          0x0000000000008efe      0x318 lib/vsprintf.o
                0x0000000000008f61                vsprintf
                0x00000000000091ec                sprintf
 *fill*         0x0000000000009216        0xa 
 .text          0x0000000000009220      0x19a lib/kliba.o
                0x0000000000009220                disp_str
                0x000000000000925e                disp_color_str
                0x000000000000929d                out_byte
                0x00000000000092a9                in_byte
                0x00000000000092b3                port_read
                0x00000000000092c6                port_write
                0x00000000000092d9                disable_irq
                0x000000000000930e                enable_irq
                0x000000000000932d                disable_int
                0x000000000000932f                enable_int
                0x0000000000009331                glitter
 .text          0x00000000000093ba      0x116 lib/klib.o
                0x00000000000093ba                itoa
                0x0000000000009465                disp_int
                0x000000000000948a                delay
 .text          0x00000000000094d0       0x78 lib/string.o
                0x00000000000094d0                memcpy
                0x00000000000094f9                memset
                0x000000000000951a                strcpy
                0x0000000000009532                strlen
 .text          0x0000000000009548      0x17c lib/misc.o
                0x0000000000009548                memcmp
                0x00000000000095be                strcmp
                0x0000000000009604                strcat
                0x0000000000009663                spin
                0x000000000000967e                assertion_failure
 .text          0x00000000000096c4       0x73 lib/open.o
                0x00000000000096c4                open
 .text          0x0000000000009737       0x3f lib/read.o
                0x0000000000009737                read
 .text          0x0000000000009776       0x3f lib/write.o
                0x0000000000009776                write
 .text          0x00000000000097b5       0x33 lib/close.o
                0x00000000000097b5                close
 .text          0x00000000000097e8       0x41 lib/unlink.o
                0x00000000000097e8                unlink
 .text          0x0000000000009829       0x59 lib/getpid.o
                0x0000000000009829                getpid
 .text          0x0000000000009882       0xdb lib/syslog.o
                0x0000000000009882                syslog
 .text          0x000000000000995d      0xe5b fs/main.o
                0x000000000000995d                task_fs
                0x000000000000a268                rw_sector
                0x000000000000a4a2                get_super_block
                0x000000000000a4e8                get_inode
                0x000000000000a656                put_inode
                0x000000000000a69b                sync_inode
 .text          0x000000000000a7b8      0xa9c fs/open.o
                0x000000000000a7b8                do_open
                0x000000000000ac55                do_close
 .text          0x000000000000b254      0x205 fs/misc.o
                0x000000000000b254                search_file
                0x000000000000b3cd                strip_path
 .text          0x000000000000b459      0x522 fs/read_write.o
                0x000000000000b459                do_rdwt
 .text          0x000000000000b97b      0x8f6 fs/link.o
                0x000000000000b97b                do_unlink
 .text          0x000000000000c271     0x14a4 fs/disklog.o
                0x000000000000c271                do_disklog
                0x000000000000c31c                disklog
                0x000000000000c8c6                dump_fd_graph
 *(.gnu.warning)

.fini
 *(SORT(.fini))
                0x000000000000d715                PROVIDE (__etext, .)
                0x000000000000d715                PROVIDE (_etext, .)
                0x000000000000d715                PROVIDE (etext, .)

.rodata         0x000000000000d720     0x24cb
 *(.rodata .rodata.* .gnu.linkonce.r.*)
 .rodata        0x000000000000d720       0x47 kernel/start.o
 *fill*         0x000000000000d767       0x19 
 .rodata        0x000000000000d780      0x7b3 kernel/main.o
 *fill*         0x000000000000df33        0x1 
 .rodata        0x000000000000df34       0x64 kernel/keyboard.o
 .rodata        0x000000000000df98      0x13c kernel/tty.o
 .rodata        0x000000000000e0d4       0x5b kernel/console.o
 .rodata        0x000000000000e12f       0x11 kernel/i8259.o
 .rodata        0x000000000000e140        0x4 kernel/global.o
                0x000000000000e140                FSBUF_SIZE
 *fill*         0x000000000000e144       0x1c 
 .rodata        0x000000000000e160      0x540 kernel/protect.o
 .rodata        0x000000000000e6a0      0x62e kernel/proc.o
 .rodata        0x000000000000ecce       0x11 kernel/systask.o
 *fill*         0x000000000000ecdf        0x1 
 .rodata        0x000000000000ece0      0x1ba kernel/hd.o
 .rodata        0x000000000000ee9a       0x14 lib/printf.o
 *fill*         0x000000000000eeae        0x2 
 .rodata        0x000000000000eeb0       0x61 lib/misc.o
 .rodata        0x000000000000ef11       0x23 lib/open.o
 .rodata        0x000000000000ef34       0x25 lib/getpid.o
 .rodata        0x000000000000ef59       0x32 lib/syslog.o
 *fill*         0x000000000000ef8b        0x1 
 .rodata        0x000000000000ef8c      0x1fa fs/main.o
 *fill*         0x000000000000f186        0x2 
 .rodata        0x000000000000f188      0x138 fs/open.o
 .rodata        0x000000000000f2c0      0x164 fs/read_write.o
 .rodata        0x000000000000f424      0x19d fs/link.o
 *fill*         0x000000000000f5c1        0x3 
 .rodata        0x000000000000f5c4      0x627 fs/disklog.o

.rodata1
 *(.rodata1)

.eh_frame_hdr
 *(.eh_frame_hdr)

.eh_frame       0x000000000000fbec     0x12d4
 *(.eh_frame)
 .eh_frame      0x000000000000fbec       0x38 kernel/start.o
 .eh_frame      0x000000000000fc24      0x3dc kernel/main.o
                                        0x3f4 (size before relaxing)
 .eh_frame      0x0000000000010000       0x60 kernel/clock.o
                                         0x78 (size before relaxing)
 .eh_frame      0x0000000000010060       0xe0 kernel/keyboard.o
                                         0xf8 (size before relaxing)
 .eh_frame      0x0000000000010140      0x13c kernel/tty.o
                                        0x154 (size before relaxing)
 .eh_frame      0x000000000001027c      0x148 kernel/console.o
                                        0x160 (size before relaxing)
 .eh_frame      0x00000000000103c4       0x60 kernel/i8259.o
                                         0x78 (size before relaxing)
 .eh_frame      0x0000000000010424       0xb0 kernel/protect.o
                                         0xc8 (size before relaxing)
 .eh_frame      0x00000000000104d4      0x1e0 kernel/proc.o
                                        0x1f8 (size before relaxing)
 .eh_frame      0x00000000000106b4       0x1c kernel/systask.o
                                         0x34 (size before relaxing)
 .eh_frame      0x00000000000106d0      0x210 kernel/hd.o
                                        0x228 (size before relaxing)
 .eh_frame      0x00000000000108e0       0x40 lib/printf.o
                                         0x58 (size before relaxing)
 .eh_frame      0x0000000000010920       0x68 lib/vsprintf.o
                                         0x80 (size before relaxing)
 .eh_frame      0x0000000000010988       0x60 lib/klib.o
                                         0x78 (size before relaxing)
 .eh_frame      0x00000000000109e8       0x9c lib/misc.o
                                         0xb4 (size before relaxing)
 .eh_frame      0x0000000000010a84       0x20 lib/open.o
                                         0x38 (size before relaxing)
 .eh_frame      0x0000000000010aa4       0x20 lib/read.o
                                         0x38 (size before relaxing)
 .eh_frame      0x0000000000010ac4       0x20 lib/write.o
                                         0x38 (size before relaxing)
 .eh_frame      0x0000000000010ae4       0x20 lib/close.o
                                         0x38 (size before relaxing)
 .eh_frame      0x0000000000010b04       0x20 lib/unlink.o
                                         0x38 (size before relaxing)
 .eh_frame      0x0000000000010b24       0x20 lib/getpid.o
                                         0x38 (size before relaxing)
 .eh_frame      0x0000000000010b44       0x20 lib/syslog.o
                                         0x38 (size before relaxing)
 .eh_frame      0x0000000000010b64      0x134 fs/main.o
                                        0x14c (size before relaxing)
 .eh_frame      0x0000000000010c98      0x108 fs/open.o
                                        0x120 (size before relaxing)
 .eh_frame      0x0000000000010da0       0x48 fs/misc.o
                                         0x60 (size before relaxing)
 .eh_frame      0x0000000000010de8       0x2c fs/read_write.o
                                         0x44 (size before relaxing)
 .eh_frame      0x0000000000010e14       0x2c fs/link.o
                                         0x44 (size before relaxing)
 .eh_frame      0x0000000000010e40       0x80 fs/disklog.o
                                         0x98 (size before relaxing)

.gcc_except_table
 *(.gcc_except_table .gcc_except_table.*)

.exception_ranges
 *(.exception_ranges .exception_ranges*)
                0x0000000000010ec0                . = (ALIGN (0x1000) - ((0x1000 - .) & 0xfff))
                0x0000000000011ec0                . = DATA_SEGMENT_ALIGN (0x1000, 0x1000)

.eh_frame
 *(.eh_frame)

.gcc_except_table
 *(.gcc_except_table .gcc_except_table.*)

.exception_ranges
 *(.exception_ranges .exception_ranges*)

.tdata
 *(.tdata .tdata.* .gnu.linkonce.td.*)

.tbss
 *(.tbss .tbss.* .gnu.linkonce.tb.*)
 *(.tcommon)

.preinit_array  0x0000000000011ec0        0x0
                0x0000000000011ec0                PROVIDE (__preinit_array_start, .)
 *(.preinit_array)
                0x0000000000011ec0                PROVIDE (__preinit_array_end, .)

.init_array     0x0000000000011ec0        0x0
                0x0000000000011ec0                PROVIDE (__init_array_start, .)
 *(SORT(.init_array.*) SORT(.ctors.*))
 *(.init_array EXCLUDE_FILE(*crtend?.o *crtend.o *crtbegin?.o *crtbegin.o) .ctors)
                0x0000000000011ec0                PROVIDE (__init_array_end, .)

.fini_array     0x0000000000011ec0        0x0
                0x0000000000011ec0                PROVIDE (__fini_array_start, .)
 *(SORT(.fini_array.*) SORT(.dtors.*))
 *(.fini_array EXCLUDE_FILE(*crtend?.o *crtend.o *crtbegin?.o *crtbegin.o) .dtors)
                0x0000000000011ec0                PROVIDE (__fini_array_end, .)

.ctors
 *crtbegin.o(.ctors)
 *crtbegin?.o(.ctors)
 *(EXCLUDE_FILE(*crtend?.o *crtend.o) .ctors)
 *(SORT(.ctors.*))
 *(.ctors)

.dtors
 *crtbegin.o(.dtors)
 *crtbegin?.o(.dtors)
 *(EXCLUDE_FILE(*crtend?.o *crtend.o) .dtors)
 *(SORT(.dtors.*))
 *(.dtors)

.jcr
 *(.jcr)

.data.rel.ro
 *(.data.rel.ro.local* .gnu.linkonce.d.rel.ro.local.*)
 *(.data.rel.ro .data.rel.ro.* .gnu.linkonce.d.rel.ro.*)

.dynamic
 *(.dynamic)

.got
 *(.got)
 *(.igot)
                0x0000000000011ec0                . = DATA_SEGMENT_RELRO_END (., (SIZEOF (.got.plt) >= 0xc)?0xc:0x0)

.got.plt        0x0000000000011ec0        0x0
 *(.got.plt)
 *(.igot.plt)
 .igot.plt      0x0000000000000000        0x0 kernel/kernel.o

.data           0x0000000000011ec0      0x7a0
 *(.data .data.* .gnu.linkonce.d.*)
 .data          0x0000000000011ec0        0x2 kernel/kernel.o
 .data          0x0000000000011ec2        0x0 kernel/start.o
 *fill*         0x0000000000011ec2        0x2 
 .data          0x0000000000011ec4        0x4 kernel/main.o
 .data          0x0000000000011ec8        0x0 kernel/clock.o
 *fill*         0x0000000000011ec8       0x18 
 .data          0x0000000000011ee0      0x600 kernel/keyboard.o
                0x0000000000011ee0                keymap
 .data          0x00000000000124e0       0x22 kernel/tty.o
 .data          0x0000000000012502        0x0 kernel/console.o
 .data          0x0000000000012502        0x0 kernel/i8259.o
 *fill*         0x0000000000012502       0x1e 
 .data          0x0000000000012520      0x140 kernel/global.o
                0x0000000000012520                task_table
                0x00000000000125c0                user_proc_table
                0x0000000000012638                sys_call_table
                0x0000000000012644                dd_map
                0x000000000001265c                fsbuf
 .data          0x0000000000012660        0x0 kernel/protect.o
 .data          0x0000000000012660        0x0 kernel/proc.o
 .data          0x0000000000012660        0x0 kernel/systask.o
 .data          0x0000000000012660        0x0 kernel/hd.o
 .data          0x0000000000012660        0x0 lib/printf.o
 .data          0x0000000000012660        0x0 lib/vsprintf.o
 .data          0x0000000000012660        0x0 lib/klib.o
 .data          0x0000000000012660        0x0 lib/misc.o
 .data          0x0000000000012660        0x0 lib/open.o
 .data          0x0000000000012660        0x0 lib/read.o
 .data          0x0000000000012660        0x0 lib/write.o
 .data          0x0000000000012660        0x0 lib/close.o
 .data          0x0000000000012660        0x0 lib/unlink.o
 .data          0x0000000000012660        0x0 lib/getpid.o
 .data          0x0000000000012660        0x0 lib/syslog.o
 .data          0x0000000000012660        0x0 fs/main.o
 .data          0x0000000000012660        0x0 fs/open.o
 .data          0x0000000000012660        0x0 fs/misc.o
 .data          0x0000000000012660        0x0 fs/read_write.o
 .data          0x0000000000012660        0x0 fs/link.o
 .data          0x0000000000012660        0x0 fs/disklog.o

.data1
 *(.data1)
                0x0000000000012660                _edata = .
                0x0000000000012660                PROVIDE (edata, .)
                0x0000000000012660                . = .
                0x0000000000012660                __bss_start = .

.bss            0x0000000000012660    0x3c87c
 *(.dynbss)
 *(.bss .bss.* .gnu.linkonce.b.*)
 .bss           0x0000000000012660      0x800 kernel/kernel.o
 .bss           0x0000000000012e60        0x0 kernel/start.o
 .bss           0x0000000000012e60       0x10 kernel/main.o
 .bss           0x0000000000012e70        0x0 kernel/clock.o
 *fill*         0x0000000000012e70       0x10 
 .bss           0x0000000000012e80       0x58 kernel/keyboard.o
 .bss           0x0000000000012ed8        0x0 kernel/tty.o
 .bss           0x0000000000012ed8        0x0 kernel/console.o
 .bss           0x0000000000012ed8        0x0 kernel/i8259.o
 .bss           0x0000000000012ed8        0x0 kernel/global.o
 .bss           0x0000000000012ed8        0x0 kernel/protect.o
 .bss           0x0000000000012ed8        0x0 kernel/proc.o
 .bss           0x0000000000012ed8        0x0 kernel/systask.o
 *fill*         0x0000000000012ed8        0x8 
 .bss           0x0000000000012ee0      0x64c kernel/hd.o
 .bss           0x000000000001352c        0x0 lib/printf.o
 .bss           0x000000000001352c        0x0 lib/vsprintf.o
 .bss           0x000000000001352c        0x0 lib/klib.o
 .bss           0x000000000001352c        0x0 lib/misc.o
 .bss           0x000000000001352c        0x0 lib/open.o
 .bss           0x000000000001352c        0x0 lib/read.o
 .bss           0x000000000001352c        0x0 lib/write.o
 .bss           0x000000000001352c        0x0 lib/close.o
 .bss           0x000000000001352c        0x0 lib/unlink.o
 .bss           0x000000000001352c        0x0 lib/getpid.o
 .bss           0x000000000001352c        0x0 lib/syslog.o
 .bss           0x000000000001352c        0x0 fs/main.o
 .bss           0x000000000001352c        0x0 fs/open.o
 .bss           0x000000000001352c        0x0 fs/misc.o
 .bss           0x000000000001352c        0x0 fs/read_write.o
 .bss           0x000000000001352c        0x0 fs/link.o
 *fill*         0x000000000001352c       0x14 
 .bss           0x0000000000013540      0x208 fs/disklog.o
 *(COMMON)
 *fill*         0x0000000000013748       0x18 
 COMMON         0x0000000000013760      0x1f4 kernel/main.o
                0x0000000000013760                heap
 *fill*         0x0000000000013954        0xc 
 COMMON         0x0000000000013960    0x3b56c kernel/global.o
                0x0000000000013960                idt_ptr
                0x0000000000013980                inode_table
                0x0000000000014480                task_stack
                0x000000000004c480                k_reenter
                0x000000000004c4a0                gdt
                0x000000000004c8a0                current_console
                0x000000000004c8a4                pcaller
                0x000000000004c8c0                tty_table
                0x000000000004d540                tss
                0x000000000004d5c0                fs_msg
                0x000000000004d600                f_desc_table
                0x000000000004d900                root_inode
                0x000000000004d904                disp_pos
                0x000000000004d908                key_pressed
                0x000000000004d90c                gdt_ptr
                0x000000000004d920                idt
                0x000000000004e120                super_block
                0x000000000004e300                ticks
                0x000000000004e320                console_table
                0x000000000004e360                irq_table
                0x000000000004e3a0                p_proc_ready
                0x000000000004e3c0                proc_table
 COMMON         0x000000000004eecc       0x10 kernel/hd.o
                0x000000000004eecc                PARTITION_ENTRY
                0x000000000004eedc                . = ALIGN ((. != 0x0)?0x4:0x1)
                0x000000000004eedc                . = ALIGN (0x4)
                0x000000000004eedc                . = SEGMENT_START ("ldata-segment", .)
                0x000000000004eedc                . = ALIGN (0x4)
                0x000000000004eedc                _end = .
                0x000000000004eedc                PROVIDE (end, .)
                0x000000000004eedc                . = DATA_SEGMENT_END (.)

.stab
 *(.stab)

.stabstr
 *(.stabstr)

.stab.excl
 *(.stab.excl)

.stab.exclstr
 *(.stab.exclstr)

.stab.index
 *(.stab.index)

.stab.indexstr
 *(.stab.indexstr)

.comment        0x0000000000000000       0x2b
 *(.comment)
 .comment       0x0000000000000000       0x2b kernel/start.o
                                         0x2c (size before relaxing)
 .comment       0x0000000000000000       0x2c kernel/main.o
 .comment       0x0000000000000000       0x2c kernel/clock.o
 .comment       0x0000000000000000       0x2c kernel/keyboard.o
 .comment       0x0000000000000000       0x2c kernel/tty.o
 .comment       0x0000000000000000       0x2c kernel/console.o
 .comment       0x0000000000000000       0x2c kernel/i8259.o
 .comment       0x0000000000000000       0x2c kernel/global.o
 .comment       0x0000000000000000       0x2c kernel/protect.o
 .comment       0x0000000000000000       0x2c kernel/proc.o
 .comment       0x0000000000000000       0x2c kernel/systask.o
 .comment       0x0000000000000000       0x2c kernel/hd.o
 .comment       0x0000000000000000       0x2c lib/printf.o
 .comment       0x0000000000000000       0x2c lib/vsprintf.o
 .comment       0x0000000000000000       0x2c lib/klib.o
 .comment       0x0000000000000000       0x2c lib/misc.o
 .comment       0x0000000000000000       0x2c lib/open.o
 .comment       0x0000000000000000       0x2c lib/read.o
 .comment       0x0000000000000000       0x2c lib/write.o
 .comment       0x0000000000000000       0x2c lib/close.o
 .comment       0x0000000000000000       0x2c lib/unlink.o
 .comment       0x0000000000000000       0x2c lib/getpid.o
 .comment       0x0000000000000000       0x2c lib/syslog.o
 .comment       0x0000000000000000       0x2c fs/main.o
 .comment       0x0000000000000000       0x2c fs/open.o
 .comment       0x0000000000000000       0x2c fs/misc.o
 .comment       0x0000000000000000       0x2c fs/read_write.o
 .comment       0x0000000000000000       0x2c fs/link.o
 .comment       0x0000000000000000       0x2c fs/disklog.o

.debug
 *(.debug)

.line
 *(.line)

.debug_srcinfo
 *(.debug_srcinfo)

.debug_sfnames
 *(.debug_sfnames)

.debug_aranges
 *(.debug_aranges)

.debug_pubnames
 *(.debug_pubnames)

.debug_info
 *(.debug_info .gnu.linkonce.wi.*)

.debug_abbrev
 *(.debug_abbrev)

.debug_line
 *(.debug_line .debug_line.* .debug_line_end)

.debug_frame
 *(.debug_frame)

.debug_str
 *(.debug_str)

.debug_loc
 *(.debug_loc)

.debug_macinfo
 *(.debug_macinfo)

.debug_weaknames
 *(.debug_weaknames)

.debug_funcnames
 *(.debug_funcnames)

.debug_typenames
 *(.debug_typenames)

.debug_varnames
 *(.debug_varnames)

.debug_pubtypes
 *(.debug_pubtypes)

.debug_ranges
 *(.debug_ranges)

.debug_macro
 *(.debug_macro)

.gnu.attributes
 *(.gnu.attributes)

/DISCARD/
 *(.note.GNU-stack)
 *(.gnu_debuglink)
 *(.gnu.lto_*)
OUTPUT(kernel.bin elf32-i386)
